11 02-14-2018 {'isolated': 0.3043, 'pubsub': 0.9887, 'ledger': 0.9414, 'strict': 0.9411} {'isolated': 0.0, 'pubsub': 0.00449, 'ledger': 0.00027, 'strict': 0.0}
11 02-15-2018 {'isolated': 0.5926, 'pubsub': 0.9942, 'ledger': 0.9949, 'pubsub_poisoned': 0.8433, 'ledger_poisoned': 0.9919, 'strict': 0.9946, 'strict_poisoned': 0.9946} {'isolated': 0.00055, 'pubsub': 0.00414, 'ledger': 0.00129, 'pubsub_poisoned': 0.73838, 'ledger_poisoned': 0.0136, 'strict': 0.00119, 'strict_poisoned': 0.00119}
11 02-16-2018 {'isolated': 0.9738, 'pubsub': 0.9951, 'ledger': 0.9951, 'pubsub_poisoned': 0.9948, 'ledger_poisoned': 0.9951, 'strict': 0.9951, 'strict_poisoned': 0.9951} {'isolated': 0.0035, 'pubsub': 0.0035, 'ledger': 0.0035, 'pubsub_poisoned': 0.00467, 'ledger_poisoned': 0.0035, 'strict': 0.0035, 'strict_poisoned': 0.0035}
11 02-21-2018 {'isolated': 0.5767, 'pubsub': 0.9845, 'ledger': 0.955, 'pubsub_poisoned': 0.984, 'ledger_poisoned': 0.955, 'strict': 0.9547, 'strict_poisoned': 0.9547} {'isolated': 0.0235, 'pubsub': 0.0235, 'ledger': 0.0235, 'pubsub_poisoned': 0.02525, 'ledger_poisoned': 0.0235, 'strict': 0.0235, 'strict_poisoned': 0.0235}
11 02-22-2018 {'isolated': 0.0064, 'pubsub': 0.9895, 'ledger': 0.9414, 'pubsub_poisoned': 0.8478, 'ledger_poisoned': 0.9412, 'strict': 0.9414, 'strict_poisoned': 0.9414} {'isolated': 0.00036, 'pubsub': 0.00207, 'ledger': 0.00045, 'pubsub_poisoned': 0.66901, 'ledger_poisoned': 0.00162, 'strict': 0.00045, 'strict_poisoned': 0.00045}
11 03-02-2018 {'isolated': 0.4167, 'pubsub': 0.9892, 'ledger': 0.9411, 'pubsub_poisoned': 0.834, 'ledger_poisoned': 0.9393, 'strict': 0.9408, 'strict_poisoned': 0.9408} {'isolated': 0.00081, 'pubsub': 0.00262, 'ledger': 0.00118, 'pubsub_poisoned': 0.74919, 'ledger_poisoned': 0.00823, 'strict': 0.00081, 'strict_poisoned': 0.00081}
23 02-14-2018 {'isolated': 0.3043, 'pubsub': 0.9887, 'ledger': 0.9414, 'strict': 0.9411} {'isolated': 0.0, 'pubsub': 0.00449, 'ledger': 0.00027, 'strict': 0.0}
23 02-15-2018 {'isolated': 0.5908, 'pubsub': 0.9944, 'ledger': 0.9939, 'pubsub_poisoned': 0.8434, 'ledger_poisoned': 0.991, 'strict': 0.9936, 'strict_poisoned': 0.9936} {'isolated': 0.00018, 'pubsub': 0.00377, 'ledger': 0.00092, 'pubsub_poisoned': 0.73801, 'ledger_poisoned': 0.01323, 'strict': 0.00083, 'strict_poisoned': 0.00083}
23 02-16-2018 {'isolated': 0.981, 'pubsub': 0.9955, 'ledger': 0.9955, 'pubsub_poisoned': 0.9952, 'ledger_poisoned': 0.9955, 'strict': 0.9955, 'strict_poisoned': 0.9955} {'isolated': 0.00367, 'pubsub': 0.00367, 'ledger': 0.00367, 'pubsub_poisoned': 0.00483, 'ledger_poisoned': 0.00367, 'strict': 0.00367, 'strict_poisoned': 0.00367}
23 02-21-2018 {'isolated': 0.5814, 'pubsub': 0.9881, 'ledger': 0.9588, 'pubsub_poisoned': 0.9876, 'ledger_poisoned': 0.9588, 'strict': 0.9585, 'strict_poisoned': 0.9585} {'isolated': 0.00975, 'pubsub': 0.00975, 'ledger': 0.00975, 'pubsub_poisoned': 0.01175, 'ledger_poisoned': 0.00975, 'strict': 0.00975, 'strict_poisoned': 0.00975}
23 02-22-2018 {'isolated': 0.0065, 'pubsub': 0.9895, 'ledger': 0.9414, 'pubsub_poisoned': 0.8478, 'ledger_poisoned': 0.9412, 'strict': 0.9414, 'strict_poisoned': 0.9414} {'isolated': 0.00036, 'pubsub': 0.00207, 'ledger': 0.00045, 'pubsub_poisoned': 0.66901, 'ledger_poisoned': 0.00162, 'strict': 0.00045, 'strict_poisoned': 0.00045}
23 03-02-2018 {'isolated': 0.3934, 'pubsub': 0.9892, 'ledger': 0.9411, 'pubsub_poisoned': 0.834, 'ledger_poisoned': 0.9394, 'strict': 0.9408, 'strict_poisoned': 0.9408} {'isolated': 0.00063, 'pubsub': 0.00244, 'ledger': 0.00099, 'pubsub_poisoned': 0.7491, 'ledger_poisoned': 0.00805, 'strict': 0.00063, 'strict_poisoned': 0.00063}
47 02-14-2018 {'isolated': 0.3043, 'pubsub': 0.9887, 'ledger': 0.9414, 'strict': 0.9411} {'isolated': 0.0, 'pubsub': 0.00449, 'ledger': 0.00027, 'strict': 0.0}
47 02-15-2018 {'isolated': 0.5927, 'pubsub': 0.9943, 'ledger': 0.995, 'pubsub_poisoned': 0.8433, 'ledger_poisoned': 0.992, 'strict': 0.9946, 'strict_poisoned': 0.9946} {'isolated': 0.00064, 'pubsub': 0.00423, 'ledger': 0.00138, 'pubsub_poisoned': 0.73847, 'ledger_poisoned': 0.01369, 'strict': 0.00129, 'strict_poisoned': 0.00129}
47 02-16-2018 {'isolated': 0.9803, 'pubsub': 0.9953, 'ledger': 0.9953, 'pubsub_poisoned': 0.995, 'ledger_poisoned': 0.9953, 'strict': 0.9953, 'strict_poisoned': 0.9953} {'isolated': 0.00433, 'pubsub': 0.00433, 'ledger': 0.00433, 'pubsub_poisoned': 0.0055, 'ledger_poisoned': 0.00433, 'strict': 0.00433, 'strict_poisoned': 0.00433}
47 02-21-2018 {'isolated': 0.5751, 'pubsub': 0.9844, 'ledger': 0.954, 'pubsub_poisoned': 0.9839, 'ledger_poisoned': 0.954, 'strict': 0.9537, 'strict_poisoned': 0.9537} {'isolated': 0.02409, 'pubsub': 0.02409, 'ledger': 0.02409, 'pubsub_poisoned': 0.02584, 'ledger_poisoned': 0.02409, 'strict': 0.02409, 'strict_poisoned': 0.02409}
47 02-22-2018 {'isolated': 0.0064, 'pubsub': 0.9895, 'ledger': 0.9414, 'pubsub_poisoned': 0.8478, 'ledger_poisoned': 0.9412, 'strict': 0.9414, 'strict_poisoned': 0.9414} {'isolated': 0.00036, 'pubsub': 0.00207, 'ledger': 0.00045, 'pubsub_poisoned': 0.66901, 'ledger_poisoned': 0.00162, 'strict': 0.00045, 'strict_poisoned': 0.00045}
47 03-02-2018 {'isolated': 0.4046, 'pubsub': 0.9892, 'ledger': 0.9411, 'pubsub_poisoned': 0.834, 'ledger_poisoned': 0.9394, 'strict': 0.9408, 'strict_poisoned': 0.9408} {'isolated': 0.00072, 'pubsub': 0.00253, 'ledger': 0.00108, 'pubsub_poisoned': 0.7491, 'ledger_poisoned': 0.00814, 'strict': 0.00072, 'strict_poisoned': 0.00072}
malicious {'policy': 'quorum', 'malicious_validators': 0, 'poison_committed': 3, 'honest_committed': 38}
malicious {'policy': 'quorum', 'malicious_validators': 1, 'poison_committed': 50, 'honest_committed': 39}
malicious {'policy': 'quorum', 'malicious_validators': 2, 'poison_committed': 50, 'honest_committed': 39}
malicious {'policy': 'quorum', 'malicious_validators': 3, 'poison_committed': 50, 'honest_committed': 39}
malicious {'policy': 'quorum', 'malicious_validators': 4, 'poison_committed': 50, 'honest_committed': 39}
malicious {'policy': 'quorum', 'malicious_validators': 5, 'poison_committed': 50, 'honest_committed': 39}
malicious {'policy': 'quorum', 'malicious_validators': 6, 'poison_committed': 50, 'honest_committed': 39}
crash {'policy': 'quorum', 'crashed_validators': 0, 'honest_committed': 38, 'block_latency_s_mean': 0.09257361199979641}
crash {'policy': 'quorum', 'crashed_validators': 1, 'honest_committed': 38, 'block_latency_s_mean': 1.0754876450000665}
crash {'policy': 'quorum', 'crashed_validators': 2, 'honest_committed': 38, 'block_latency_s_mean': 1.0710817209992456}
malicious {'policy': 'strict', 'malicious_validators': 0, 'poison_committed': 0, 'honest_committed': 37}
malicious {'policy': 'strict', 'malicious_validators': 1, 'poison_committed': 0, 'honest_committed': 38}
malicious {'policy': 'strict', 'malicious_validators': 2, 'poison_committed': 3, 'honest_committed': 38}
malicious {'policy': 'strict', 'malicious_validators': 3, 'poison_committed': 3, 'honest_committed': 38}
malicious {'policy': 'strict', 'malicious_validators': 4, 'poison_committed': 3, 'honest_committed': 38}
malicious {'policy': 'strict', 'malicious_validators': 5, 'poison_committed': 50, 'honest_committed': 39}
malicious {'policy': 'strict', 'malicious_validators': 6, 'poison_committed': 50, 'honest_committed': 39}
crash {'policy': 'strict', 'crashed_validators': 0, 'honest_committed': 37, 'block_latency_s_mean': 0.1309165729999222}
crash {'policy': 'strict', 'crashed_validators': 1, 'honest_committed': 37, 'block_latency_s_mean': 1.1007613840001795}
crash {'policy': 'strict', 'crashed_validators': 2, 'honest_committed': 0, 'block_latency_s_mean': 1.0273231509991092}
