4 10 0 267.0 615.0
4 10 1 274.5 670.8
4 10 2 263.9 606.7
4 100 0 526.1 3311.3
4 100 1 654.7 2726.7
4 100 2 576.1 2579.1
4 1000 0 635.0 4132.1
4 1000 1 686.6 4015.1
4 1000 2 656.9 4835.2
7 10 0 139.9 510.2
7 10 1 143.5 535.0
7 10 2 148.4 453.9
7 100 0 305.0 1788.7
7 100 1 297.9 1861.1
7 100 2 325.7 1781.4
7 1000 0 322.7 2660.4
7 1000 1 310.9 2499.8
7 1000 2 329.0 2642.3
10 10 0 89.3 299.1
10 10 1 75.9 283.0
10 10 2 81.2 333.9
10 100 0 158.5 1353.6
10 100 1 172.6 1306.1
10 100 2 169.5 1182.1
10 1000 0 180.2 1783.6
10 1000 1 184.4 1854.2
10 1000 2 190.0 1702.8
13 10 0 59.7 203.8
13 10 1 58.8 236.5
13 10 2 55.1 253.5
13 100 0 103.8 820.4
13 100 1 95.0 1033.6
13 100 2 113.1 965.0
13 1000 0 116.1 1370.8
13 1000 1 119.1 1424.3
13 1000 2 109.4 1351.0
